{
  "output": "/Users/agiuser/Documents/fit/runs/day47/finish-20260927/stage",
  "template": "study-day29-v1",
  "layoutRevision": "xhs-layout-20260921-v3",
  "id": "day47-speed-agility-saq",
  "day": 47,
  "status": "ready",
  "slides": 8,
  "dimensions": [
    1080,
    1440
  ],
  "files": [
    "lesson.html",
    "index.html",
    "xhs/index.html",
    "xhs/title.txt",
    "xhs/caption.txt",
    "xhs/tags.txt",
    "xhs/cover.png",
    "xhs/slide-01.png",
    "xhs/slide-02.png",
    "xhs/slide-03.png",
    "xhs/slide-04.png",
    "xhs/slide-05.png",
    "xhs/slide-06.png",
    "xhs/slide-07.png",
    "xhs.zip"
  ],
  "assets": {
    "html/assets/fitness-study-logo-open-circle.svg": "assets/a6d8e5caaa61ed31.svg",
    "runs/day47/assets/cover.png": "assets/4390bb8aa48aefaa.png",
    "runs/day47/assets/detail.png": "assets/886d7abbd48d4c80.png",
    "runs/day47/assets/visual-01-phases.png": "assets/8f731480c7dbec75.png",
    "runs/day47/assets/visual-02-acceleration.png": "assets/ae2b92eed78934b0.png",
    "runs/day47/assets/visual-03-max-speed.png": "assets/c9d52dd2e5cf4429.png",
    "runs/day47/assets/visual-04-cut.png": "assets/ab8f6f411ec13fa5.png",
    "runs/day47/assets/visual-05-reactive.png": "assets/095f08c33603a1e0.png",
    "runs/day47/assets/visual-06-programming.png": "assets/dec76480cf7bb461.png",
    "runs/day47/assets/overview-01-phases.png": "assets/0b77c20fad902fa0.png",
    "runs/day47/assets/overview-02-acceleration.png": "assets/a6a63892faf89250.png",
    "runs/day47/assets/overview-03-max-speed.png": "assets/a807d623433a1d0f.png",
    "runs/day47/assets/overview-04-cut.png": "assets/fedb52101290d915.png",
    "runs/day47/assets/overview-05-reactive.png": "assets/1bc431f7098f7263.png",
    "runs/day47/assets/overview-06-programming.png": "assets/efde18762cac4099.png"
  }
}
